\BOOKMARK [0][-]{chapter*.1}{\376\377\000K\000a\000t\000a\000\040\000P\000e\000n\000g\000a\000n\000t\000a\000r}{}% 1
\BOOKMARK [0][-]{chapter.1}{\376\377\000P\000e\000n\000d\000a\000h\000u\000l\000u\000a\000n}{}% 2
\BOOKMARK [1][-]{section.1.1}{\376\377\000L\000a\000t\000a\000r\000\040\000B\000e\000l\000a\000k\000a\000n\000g}{chapter.1}% 3
\BOOKMARK [1][-]{section.1.2}{\376\377\000R\000u\000m\000u\000s\000a\000n\000\040\000M\000a\000s\000a\000l\000a\000h}{chapter.1}% 4
\BOOKMARK [1][-]{section.1.3}{\376\377\000T\000u\000j\000u\000a\000n}{chapter.1}% 5
\BOOKMARK [1][-]{section.1.4}{\376\377\000M\000a\000n\000f\000a\000a\000t}{chapter.1}% 6
\BOOKMARK [1][-]{section.1.5}{\376\377\000R\000u\000a\000n\000g\000\040\000L\000i\000n\000g\000k\000u\000p}{chapter.1}% 7
\BOOKMARK [0][-]{chapter.2}{\376\377\000L\000a\000n\000d\000a\000s\000a\000n\000\040\000T\000e\000o\000r\000i}{}% 8
\BOOKMARK [1][-]{section.2.1}{\376\377\000B\000a\000s\000i\000s\000\040\000D\000a\000t\000a\000\040\000R\000e\000l\000a\000s\000i\000o\000n\000a\000l}{chapter.2}% 9
\BOOKMARK [1][-]{section.2.2}{\376\377\000E\000n\000t\000i\000t\000y\000-\000R\000e\000l\000a\000t\000i\000o\000n\000s\000h\000i\000p\000\040\000D\000i\000a\000g\000r\000a\000m}{chapter.2}% 10
\BOOKMARK [1][-]{section.2.3}{\376\377\000N\000o\000r\000m\000a\000l\000i\000s\000a\000s\000i\000\040\000B\000a\000s\000i\000s\000\040\000D\000a\000t\000a}{chapter.2}% 11
\BOOKMARK [1][-]{section.2.4}{\376\377\000R\000E\000S\000T\000\040\000A\000P\000I}{chapter.2}% 12
\BOOKMARK [1][-]{section.2.5}{\376\377\000T\000r\000a\000n\000s\000a\000k\000s\000i\000\040\000d\000a\000n\000\040\000R\000a\000c\000e\000\040\000C\000o\000n\000d\000i\000t\000i\000o\000n}{chapter.2}% 13
\BOOKMARK [0][-]{chapter.3}{\376\377\000A\000n\000a\000l\000i\000s\000i\000s\000\040\000d\000a\000n\000\040\000P\000e\000r\000a\000n\000c\000a\000n\000g\000a\000n}{}% 14
\BOOKMARK [1][-]{section.3.1}{\376\377\000D\000e\000s\000k\000r\000i\000p\000s\000i\000\040\000S\000i\000s\000t\000e\000m}{chapter.3}% 15
\BOOKMARK [1][-]{section.3.2}{\376\377\000F\000i\000t\000u\000r\000\040\000U\000t\000a\000m\000a}{chapter.3}% 16
\BOOKMARK [1][-]{section.3.3}{\376\377\000A\000r\000s\000i\000t\000e\000k\000t\000u\000r\000\040\000S\000i\000s\000t\000e\000m}{chapter.3}% 17
\BOOKMARK [1][-]{section.3.4}{\376\377\000E\000n\000t\000i\000t\000y\000-\000R\000e\000l\000a\000t\000i\000o\000n\000s\000h\000i\000p\000\040\000D\000i\000a\000g\000r\000a\000m}{chapter.3}% 18
\BOOKMARK [1][-]{section.3.5}{\376\377\000S\000k\000e\000m\000a\000\040\000R\000e\000l\000a\000s\000i\000\040\000d\000a\000n\000\040\000D\000e\000t\000a\000i\000l\000\040\000S\000e\000t\000i\000a\000p\000\040\000E\000n\000t\000i\000t\000a\000s}{chapter.3}% 19
\BOOKMARK [2][-]{subsection.3.5.1}{\376\377\000T\000a\000b\000e\000l\000\040\000u\000s\000e\000r\000s}{section.3.5}% 20
\BOOKMARK [2][-]{subsection.3.5.2}{\376\377\000T\000a\000b\000e\000l\000\040\000v\000e\000n\000u\000e\000s}{section.3.5}% 21
\BOOKMARK [2][-]{subsection.3.5.3}{\376\377\000T\000a\000b\000e\000l\000\040\000c\000a\000t\000e\000g\000o\000r\000i\000e\000s}{section.3.5}% 22
\BOOKMARK [2][-]{subsection.3.5.4}{\376\377\000T\000a\000b\000e\000l\000\040\000e\000v\000e\000n\000t\000s}{section.3.5}% 23
\BOOKMARK [2][-]{subsection.3.5.5}{\376\377\000T\000a\000b\000e\000l\000\040\000t\000i\000c\000k\000e\000t\000\137\000t\000y\000p\000e\000s}{section.3.5}% 24
\BOOKMARK [2][-]{subsection.3.5.6}{\376\377\000T\000a\000b\000e\000l\000\040\000p\000a\000y\000m\000e\000n\000t\000\137\000m\000e\000t\000h\000o\000d\000s}{section.3.5}% 25
\BOOKMARK [2][-]{subsection.3.5.7}{\376\377\000T\000a\000b\000e\000l\000\040\000p\000r\000o\000m\000o\000\137\000c\000o\000d\000e\000s}{section.3.5}% 26
\BOOKMARK [2][-]{subsection.3.5.8}{\376\377\000T\000a\000b\000e\000l\000\040\000o\000r\000d\000e\000r\000s}{section.3.5}% 27
\BOOKMARK [2][-]{subsection.3.5.9}{\376\377\000T\000a\000b\000e\000l\000\040\000o\000r\000d\000e\000r\000\137\000i\000t\000e\000m\000s}{section.3.5}% 28
\BOOKMARK [2][-]{subsection.3.5.10}{\376\377\000T\000a\000b\000e\000l\000\040\000p\000a\000y\000m\000e\000n\000t\000s}{section.3.5}% 29
\BOOKMARK [2][-]{subsection.3.5.11}{\376\377\000T\000a\000b\000e\000l\000\040\000w\000i\000s\000h\000l\000i\000s\000t}{section.3.5}% 30
\BOOKMARK [0][-]{chapter.4}{\376\377\000I\000m\000p\000l\000e\000m\000e\000n\000t\000a\000s\000i}{}% 31
\BOOKMARK [1][-]{section.4.1}{\376\377\000S\000t\000a\000c\000k\000\040\000T\000e\000k\000n\000o\000l\000o\000g\000i}{chapter.4}% 32
\BOOKMARK [1][-]{section.4.2}{\376\377\000S\000t\000a\000t\000e\000\040\000B\000a\000c\000k\000e\000n\000d}{chapter.4}% 33
\BOOKMARK [1][-]{section.4.3}{\376\377\000S\000t\000a\000t\000e\000\040\000F\000r\000o\000n\000t\000e\000n\000d}{chapter.4}% 34
\BOOKMARK [2][-]{subsection.4.3.1}{\376\377\000T\000a\000m\000p\000i\000l\000a\000n\000\040\000H\000a\000l\000a\000m\000a\000n}{section.4.3}% 35
\BOOKMARK [1][-]{section.4.4}{\376\377\000P\000r\000o\000g\000r\000e\000s\000s\000\040\000C\000h\000e\000c\000k\000l\000i\000s\000t}{chapter.4}% 36
\BOOKMARK [0][-]{chapter.5}{\376\377\000P\000e\000n\000u\000t\000u\000p}{}% 37
\BOOKMARK [1][-]{section.5.1}{\376\377\000K\000e\000s\000i\000m\000p\000u\000l\000a\000n}{chapter.5}% 38
\BOOKMARK [1][-]{section.5.2}{\376\377\000R\000e\000n\000c\000a\000n\000a\000\040\000S\000e\000l\000a\000n\000j\000u\000t\000n\000y\000a}{chapter.5}% 39
